Archive member included because of file (symbol)

c:/program files (x86)/atmel/atmel toolchain/avr8 gcc/native/3.4.1051/avr8-gnu-toolchain/bin/../lib/gcc/avr/4.8.1/avr5\libgcc.a(_udivmodsi4.o)
                              cmd.o (__udivmodsi4)
c:/program files (x86)/atmel/atmel toolchain/avr8 gcc/native/3.4.1051/avr8-gnu-toolchain/bin/../lib/gcc/avr/4.8.1/avr5\libgcc.a(_exit.o)
                              c:/program files (x86)/atmel/atmel toolchain/avr8 gcc/native/3.4.1051/avr8-gnu-toolchain/bin/../lib/gcc/avr/4.8.1/../../../../avr/lib/avr5/crtm32.o (exit)
c:/program files (x86)/atmel/atmel toolchain/avr8 gcc/native/3.4.1051/avr8-gnu-toolchain/bin/../lib/gcc/avr/4.8.1/avr5\libgcc.a(_copy_data.o)
                              cmd.o (__do_copy_data)
c:/program files (x86)/atmel/atmel toolchain/avr8 gcc/native/3.4.1051/avr8-gnu-toolchain/bin/../lib/gcc/avr/4.8.1/avr5\libgcc.a(_clear_bss.o)
                              base64.o (__do_clear_bss)
c:/program files (x86)/atmel/atmel toolchain/avr8 gcc/native/3.4.1051/avr8-gnu-toolchain/bin/../lib/gcc/avr/4.8.1/../../../../avr/lib/avr5\libc.a(strtol.o)
                              cmd.o (strtol)
c:/program files (x86)/atmel/atmel toolchain/avr8 gcc/native/3.4.1051/avr8-gnu-toolchain/bin/../lib/gcc/avr/4.8.1/../../../../avr/lib/avr5\libc.a(atoi.o)
                              usart.o (atoi)
c:/program files (x86)/atmel/atmel toolchain/avr8 gcc/native/3.4.1051/avr8-gnu-toolchain/bin/../lib/gcc/avr/4.8.1/../../../../avr/lib/avr5\libc.a(isspace.o)
                              c:/program files (x86)/atmel/atmel toolchain/avr8 gcc/native/3.4.1051/avr8-gnu-toolchain/bin/../lib/gcc/avr/4.8.1/../../../../avr/lib/avr5\libc.a(strtol.o) (isspace)
c:/program files (x86)/atmel/atmel toolchain/avr8 gcc/native/3.4.1051/avr8-gnu-toolchain/bin/../lib/gcc/avr/4.8.1/../../../../avr/lib/avr5\libc.a(memcpy_P.o)
                              httpd.o (memcpy_P)
c:/program files (x86)/atmel/atmel toolchain/avr8 gcc/native/3.4.1051/avr8-gnu-toolchain/bin/../lib/gcc/avr/4.8.1/../../../../avr/lib/avr5\libc.a(strcpy_P.o)
                              httpd.o (strcpy_P)
c:/program files (x86)/atmel/atmel toolchain/avr8 gcc/native/3.4.1051/avr8-gnu-toolchain/bin/../lib/gcc/avr/4.8.1/../../../../avr/lib/avr5\libc.a(strncasecmp_P.o)
                              httpd.o (strncasecmp_P)
c:/program files (x86)/atmel/atmel toolchain/avr8 gcc/native/3.4.1051/avr8-gnu-toolchain/bin/../lib/gcc/avr/4.8.1/../../../../avr/lib/avr5\libc.a(memcpy.o)
                              httpd.o (memcpy)
c:/program files (x86)/atmel/atmel toolchain/avr8 gcc/native/3.4.1051/avr8-gnu-toolchain/bin/../lib/gcc/avr/4.8.1/../../../../avr/lib/avr5\libc.a(strcasecmp.o)
                              cmd.o (strcasecmp)
c:/program files (x86)/atmel/atmel toolchain/avr8 gcc/native/3.4.1051/avr8-gnu-toolchain/bin/../lib/gcc/avr/4.8.1/../../../../avr/lib/avr5\libc.a(strcasestr.o)
                              httpd.o (strcasestr)
c:/program files (x86)/atmel/atmel toolchain/avr8 gcc/native/3.4.1051/avr8-gnu-toolchain/bin/../lib/gcc/avr/4.8.1/../../../../avr/lib/avr5\libc.a(strcasestr_P.o)
                              httpd.o (strcasestr_P)
c:/program files (x86)/atmel/atmel toolchain/avr8 gcc/native/3.4.1051/avr8-gnu-toolchain/bin/../lib/gcc/avr/4.8.1/../../../../avr/lib/avr5\libc.a(strcat.o)
                              usart.o (strcat)
c:/program files (x86)/atmel/atmel toolchain/avr8 gcc/native/3.4.1051/avr8-gnu-toolchain/bin/../lib/gcc/avr/4.8.1/../../../../avr/lib/avr5\libc.a(strcpy.o)
                              usart.o (strcpy)
c:/program files (x86)/atmel/atmel toolchain/avr8 gcc/native/3.4.1051/avr8-gnu-toolchain/bin/../lib/gcc/avr/4.8.1/../../../../avr/lib/avr5\libc.a(strnlen.o)
                              httpd.o (strnlen)
c:/program files (x86)/atmel/atmel toolchain/avr8 gcc/native/3.4.1051/avr8-gnu-toolchain/bin/../lib/gcc/avr/4.8.1/../../../../avr/lib/avr5\libc.a(strsep.o)
                              cmd.o (strsep)
c:/program files (x86)/atmel/atmel toolchain/avr8 gcc/native/3.4.1051/avr8-gnu-toolchain/bin/../lib/gcc/avr/4.8.1/../../../../avr/lib/avr5\libc.a(itoa.o)
                              usart.o (__itoa)
c:/program files (x86)/atmel/atmel toolchain/avr8 gcc/native/3.4.1051/avr8-gnu-toolchain/bin/../lib/gcc/avr/4.8.1/../../../../avr/lib/avr5\libc.a(itoa_ncheck.o)
                              httpd.o (__itoa_ncheck)
c:/program files (x86)/atmel/atmel toolchain/avr8 gcc/native/3.4.1051/avr8-gnu-toolchain/bin/../lib/gcc/avr/4.8.1/../../../../avr/lib/avr5\libc.a(mul10.o)
                              c:/program files (x86)/atmel/atmel toolchain/avr8 gcc/native/3.4.1051/avr8-gnu-toolchain/bin/../lib/gcc/avr/4.8.1/../../../../avr/lib/avr5\libc.a(atoi.o) (__mulhi_const_10)
c:/program files (x86)/atmel/atmel toolchain/avr8 gcc/native/3.4.1051/avr8-gnu-toolchain/bin/../lib/gcc/avr/4.8.1/../../../../avr/lib/avr5\libc.a(utoa_ncheck.o)
                              c:/program files (x86)/atmel/atmel toolchain/avr8 gcc/native/3.4.1051/avr8-gnu-toolchain/bin/../lib/gcc/avr/4.8.1/../../../../avr/lib/avr5\libc.a(itoa_ncheck.o) (__utoa_common)
c:/program files (x86)/atmel/atmel toolchain/avr8 gcc/native/3.4.1051/avr8-gnu-toolchain/bin/../lib/gcc/avr/4.8.1/../../../../avr/lib/avr5\libc.a(eerd_byte_atmega32.o)
                              stack.o (__eerd_byte_m32)
c:/program files (x86)/atmel/atmel toolchain/avr8 gcc/native/3.4.1051/avr8-gnu-toolchain/bin/../lib/gcc/avr/4.8.1/../../../../avr/lib/avr5\libc.a(eewr_byte_atmega32.o)
                              cmd.o (__eewr_byte_m32)
c:/program files (x86)/atmel/atmel toolchain/avr8 gcc/native/3.4.1051/avr8-gnu-toolchain/bin/../lib/gcc/avr/4.8.1/../../../../avr/lib/avr5\libc.a(errno.o)
                              c:/program files (x86)/atmel/atmel toolchain/avr8 gcc/native/3.4.1051/avr8-gnu-toolchain/bin/../lib/gcc/avr/4.8.1/../../../../avr/lib/avr5\libc.a(strtol.o) (errno)
c:/program files (x86)/atmel/atmel toolchain/avr8 gcc/native/3.4.1051/avr8-gnu-toolchain/bin/../lib/gcc/avr/4.8.1/../../../../avr/lib/avr5\libc.a(cty_isfalse.o)
                              c:/program files (x86)/atmel/atmel toolchain/avr8 gcc/native/3.4.1051/avr8-gnu-toolchain/bin/../lib/gcc/avr/4.8.1/../../../../avr/lib/avr5\libc.a(isspace.o) (__ctype_isfalse)
c:/program files (x86)/atmel/atmel toolchain/avr8 gcc/native/3.4.1051/avr8-gnu-toolchain/bin/../lib/gcc/avr/4.8.1/../../../../avr/lib/avr5\libc.a(strrev.o)
                              c:/program files (x86)/atmel/atmel toolchain/avr8 gcc/native/3.4.1051/avr8-gnu-toolchain/bin/../lib/gcc/avr/4.8.1/../../../../avr/lib/avr5\libc.a(utoa_ncheck.o) (strrev)
c:/program files (x86)/atmel/atmel toolchain/avr8 gcc/native/3.4.1051/avr8-gnu-toolchain/bin/../lib/gcc/avr/4.8.1/avr5\libgcc.a(_mulsi3.o)
                              c:/program files (x86)/atmel/atmel toolchain/avr8 gcc/native/3.4.1051/avr8-gnu-toolchain/bin/../lib/gcc/avr/4.8.1/../../../../avr/lib/avr5\libc.a(strtol.o) (__mulsi3)
c:/program files (x86)/atmel/atmel toolchain/avr8 gcc/native/3.4.1051/avr8-gnu-toolchain/bin/../lib/gcc/avr/4.8.1/avr5\libgcc.a(_muluhisi3.o)
                              c:/program files (x86)/atmel/atmel toolchain/avr8 gcc/native/3.4.1051/avr8-gnu-toolchain/bin/../lib/gcc/avr/4.8.1/avr5\libgcc.a(_mulsi3.o) (__muluhisi3)
c:/program files (x86)/atmel/atmel toolchain/avr8 gcc/native/3.4.1051/avr8-gnu-toolchain/bin/../lib/gcc/avr/4.8.1/avr5\libgcc.a(_umulhisi3.o)
                              c:/program files (x86)/atmel/atmel toolchain/avr8 gcc/native/3.4.1051/avr8-gnu-toolchain/bin/../lib/gcc/avr/4.8.1/avr5\libgcc.a(_muluhisi3.o) (__umulhisi3)

Allocating common symbols
Common symbol       size              file

eth_buffer          0x259             stack.o
errno               0x2               c:/program files (x86)/atmel/atmel toolchain/avr8 gcc/native/3.4.1051/avr8-gnu-toolchain/bin/../lib/gcc/avr/4.8.1/../../../../avr/lib/avr5\libc.a(errno.o)
arp_entry           0x3c              cmd.o
ping                0x6               stack.o
retransmission_pointer
                    0x2               main.o
eth                 0x1               cmd.o
myip                0x4               stack.o
router_ip           0x4               stack.o
variable            0x14              cmd.o
netmask             0x4               stack.o
http_auth_passwort  0x1e              httpd.o
usart_status        0x1               base64.o
gp_timer            0x1               cmd.o
http_entry          0x41              httpd.o
tcp_entry           0x84              cmd.o
telnetd_status      0x1               main.o
broadcast_ip        0x4               stack.o
stack_watchdog      0x2               cmd.o
time                0x4               cmd.o
usart_rx_buffer     0x64              base64.o
mymac               0x6               networkcard/enc28j60.o

Discarded input sections

 .bss           0x00000000        0x0 c:/program files (x86)/atmel/atmel toolchain/avr8 gcc/native/3.4.1051/avr8-gnu-toolchain/bin/../lib/gcc/avr/4.8.1/../../../../avr/lib/avr5/crtm32.o
 .text          0x00000000        0x0 analog.o
 .bss           0x00000000        0x0 analog.o
 .text          0x00000000        0x0 artnet.o
 .bss           0x00000000        0x0 artnet.o
 .text          0x00000000        0x0 base64.o
 .bss           0x00000000        0x0 base64.o
 .text          0x00000000        0x0 cmd.o
 .bss           0x00000000        0x0 cmd.o
 .text.command_wol
                0x00000000        0x2 cmd.o
 .text.save_ip_addresses
                0x00000000       0x72 cmd.o
 .text.read_ip_addresses
                0x00000000       0xaa cmd.o
 .text          0x00000000        0x0 dhcpc.o
 .bss           0x00000000        0x0 dhcpc.o
 .text          0x00000000        0x0 dnsc.o
 .bss           0x00000000        0x0 dnsc.o
 .text          0x00000000        0x0 httpd.o
 .bss           0x00000000        0x0 httpd.o
 .data.dstr     0x00000000       0x18 httpd.o
 .text          0x00000000        0x0 http_get.o
 .bss           0x00000000        0x0 http_get.o
 .text.test     0x00000000      0x110 http_get.o
 .text.http_request
                0x00000000      0x1e8 http_get.o
 .progmem.data.__c.1858
                0x00000000       0x18 http_get.o
 .progmem.data.__c.1856
                0x00000000       0x26 http_get.o
 .progmem.data.__c.1851
                0x00000000       0x2c http_get.o
 .progmem.data.__c.1842
                0x00000000        0xe http_get.o
 .progmem.data.__c.1833
                0x00000000        0x3 http_get.o
 .bss.http_get_state
                0x00000000        0x2 http_get.o
 .progmem.data.WEATHER_GET_STRING
                0x00000000       0x9b http_get.o
 .text          0x00000000        0x0 lcd.o
 .bss           0x00000000        0x0 lcd.o
 .text          0x00000000        0x0 main.o
 .bss           0x00000000        0x0 main.o
 .text          0x00000000        0x0 networkcard/enc28j60.o
 .bss           0x00000000        0x0 networkcard/enc28j60.o
 .text          0x00000000        0x0 networkcard/rtl8019.o
 .bss           0x00000000        0x0 networkcard/rtl8019.o
 .text          0x00000000        0x0 ntp.o
 .bss           0x00000000        0x0 ntp.o
 .text          0x00000000        0x0 sendmail.o
 .bss           0x00000000        0x0 sendmail.o
 .text          0x00000000        0x0 stack.o
 .bss           0x00000000        0x0 stack.o
 .text.htons    0x00000000        0x8 stack.o
 .text.change_port_tcp_app
                0x00000000       0x5e stack.o
 .text.add_udp_app
                0x00000000       0x4c stack.o
 .text.kill_udp_app
                0x00000000       0x20 stack.o
 .text.create_new_udp_packet
                0x00000000       0xca stack.o
 .text.tcp_port_open
                0x00000000      0x108 stack.o
 .text          0x00000000        0x0 telnetd.o
 .bss           0x00000000        0x0 telnetd.o
 .text          0x00000000        0x0 timer.o
 .bss           0x00000000        0x0 timer.o
 .bss.time_watchdog
                0x00000000        0x4 timer.o
 .text          0x00000000        0x0 udp_lcd.o
 .bss           0x00000000        0x0 udp_lcd.o
 .text.udp_lcd_get
                0x00000000       0x2e udp_lcd.o
 .text.udp_lcd_init
                0x00000000        0xe udp_lcd.o
 .progmem.data.__c.1834
                0x00000000       0x1f udp_lcd.o
 .text          0x00000000        0x0 usart.o
 .bss           0x00000000        0x0 usart.o
 .text          0x00000000        0x0 wol.o
 .bss           0x00000000        0x0 wol.o
 .text          0x00000000        0x0 c:/program files (x86)/atmel/atmel toolchain/avr8 gcc/native/3.4.1051/avr8-gnu-toolchain/bin/../lib/gcc/avr/4.8.1/avr5\libgcc.a(_udivmodsi4.o)
 .bss           0x00000000        0x0 c:/program files (x86)/atmel/atmel toolchain/avr8 gcc/native/3.4.1051/avr8-gnu-toolchain/bin/../lib/gcc/avr/4.8.1/avr5\libgcc.a(_udivmodsi4.o)
 .text.libgcc.mul
                0x00000000        0x0 c:/program files (x86)/atmel/atmel toolchain/avr8 gcc/native/3.4.1051/avr8-gnu-toolchain/bin/../lib/gcc/avr/4.8.1/avr5\libgcc.a(_udivmodsi4.o)
 .text.libgcc   0x00000000        0x0 c:/program files (x86)/atmel/atmel toolchain/avr8 gcc/native/3.4.1051/avr8-gnu-toolchain/bin/../lib/gcc/avr/4.8.1/avr5\libgcc.a(_udivmodsi4.o)
 .text.libgcc.prologue
                0x00000000        0x0 c:/program files (x86)/atmel/atmel toolchain/avr8 gcc/native/3.4.1051/avr8-gnu-toolchain/bin/../lib/gcc/avr/4.8.1/avr5\libgcc.a(_udivmodsi4.o)
 .text.libgcc.builtins
                0x00000000        0x0 c:/program files (x86)/atmel/atmel toolchain/avr8 gcc/native/3.4.1051/avr8-gnu-toolchain/bin/../lib/gcc/avr/4.8.1/avr5\libgcc.a(_udivmodsi4.o)
 .text.libgcc.fmul
                0x00000000        0x0 c:/program files (x86)/atmel/atmel toolchain/avr8 gcc/native/3.4.1051/avr8-gnu-toolchain/bin/../lib/gcc/avr/4.8.1/avr5\libgcc.a(_udivmodsi4.o)
 .text.libgcc.fixed
                0x00000000        0x0 c:/program files (x86)/atmel/atmel toolchain/avr8 gcc/native/3.4.1051/avr8-gnu-toolchain/bin/../lib/gcc/avr/4.8.1/avr5\libgcc.a(_udivmodsi4.o)
 .text          0x00000000        0x0 c:/program files (x86)/atmel/atmel toolchain/avr8 gcc/native/3.4.1051/avr8-gnu-toolchain/bin/../lib/gcc/avr/4.8.1/avr5\libgcc.a(_exit.o)
 .bss           0x00000000        0x0 c:/program files (x86)/atmel/atmel toolchain/avr8 gcc/native/3.4.1051/avr8-gnu-toolchain/bin/../lib/gcc/avr/4.8.1/avr5\libgcc.a(_exit.o)
 .text.libgcc.mul
                0x00000000        0x0 c:/program files (x86)/atmel/atmel toolchain/avr8 gcc/native/3.4.1051/avr8-gnu-toolchain/bin/../lib/gcc/avr/4.8.1/avr5\libgcc.a(_exit.o)
 .text.libgcc.div
                0x00000000        0x0 c:/program files (x86)/atmel/atmel toolchain/avr8 gcc/native/3.4.1051/avr8-gnu-toolchain/bin/../lib/gcc/avr/4.8.1/avr5\libgcc.a(_exit.o)
 .text.libgcc   0x00000000        0x0 c:/program files (x86)/atmel/atmel toolchain/avr8 gcc/native/3.4.1051/avr8-gnu-toolchain/bin/../lib/gcc/avr/4.8.1/avr5\libgcc.a(_exit.o)
 .text.libgcc.prologue
                0x00000000        0x0 c:/program files (x86)/atmel/atmel toolchain/avr8 gcc/native/3.4.1051/avr8-gnu-toolchain/bin/../lib/gcc/avr/4.8.1/avr5\libgcc.a(_exit.o)
 .text.libgcc.builtins
                0x00000000        0x0 c:/program files (x86)/atmel/atmel toolchain/avr8 gcc/native/3.4.1051/avr8-gnu-toolchain/bin/../lib/gcc/avr/4.8.1/avr5\libgcc.a(_exit.o)
 .text.libgcc.fmul
                0x00000000        0x0 c:/program files (x86)/atmel/atmel toolchain/avr8 gcc/native/3.4.1051/avr8-gnu-toolchain/bin/../lib/gcc/avr/4.8.1/avr5\libgcc.a(_exit.o)
 .text.libgcc.fixed
                0x00000000        0x0 c:/program files (x86)/atmel/atmel toolchain/avr8 gcc/native/3.4.1051/avr8-gnu-toolchain/bin/../lib/gcc/avr/4.8.1/avr5\libgcc.a(_exit.o)
 .text          0x00000000        0x0 c:/program files (x86)/atmel/atmel toolchain/avr8 gcc/native/3.4.1051/avr8-gnu-toolchain/bin/../lib/gcc/avr/4.8.1/avr5\libgcc.a(_copy_data.o)
 .bss           0x00000000        0x0 c:/program files (x86)/atmel/atmel toolchain/avr8 gcc/native/3.4.1051/avr8-gnu-toolchain/bin/../lib/gcc/avr/4.8.1/avr5\libgcc.a(_copy_data.o)
 .text.libgcc.mul
                0x00000000        0x0 c:/program files (x86)/atmel/atmel toolchain/avr8 gcc/native/3.4.1051/avr8-gnu-toolchain/bin/../lib/gcc/avr/4.8.1/avr5\libgcc.a(_copy_data.o)
 .text.libgcc.div
                0x00000000        0x0 c:/program files (x86)/atmel/atmel toolchain/avr8 gcc/native/3.4.1051/avr8-gnu-toolchain/bin/../lib/gcc/avr/4.8.1/avr5\libgcc.a(_copy_data.o)
 .text.libgcc   0x00000000        0x0 c:/program files (x86)/atmel/atmel toolchain/avr8 gcc/native/3.4.1051/avr8-gnu-toolchain/bin/../lib/gcc/avr/4.8.1/avr5\libgcc.a(_copy_data.o)
 .text.libgcc.prologue
                0x00000000        0x0 c:/program files (x86)/atmel/atmel toolchain/avr8 gcc/native/3.4.1051/avr8-gnu-toolchain/bin/../lib/gcc/avr/4.8.1/avr5\libgcc.a(_copy_data.o)
 .text.libgcc.builtins
                0x00000000        0x0 c:/program files (x86)/atmel/atmel toolchain/avr8 gcc/native/3.4.1051/avr8-gnu-toolchain/bin/../lib/gcc/avr/4.8.1/avr5\libgcc.a(_copy_data.o)
 .text.libgcc.fmul
                0x00000000        0x0 c:/program files (x86)/atmel/atmel toolchain/avr8 gcc/native/3.4.1051/avr8-gnu-toolchain/bin/../lib/gcc/avr/4.8.1/avr5\libgcc.a(_copy_data.o)
 .text.libgcc.fixed
                0x00000000        0x0 c:/program files (x86)/atmel/atmel toolchain/avr8 gcc/native/3.4.1051/avr8-gnu-toolchain/bin/../lib/gcc/avr/4.8.1/avr5\libgcc.a(_copy_data.o)
 .text          0x00000000        0x0 c:/program files (x86)/atmel/atmel toolchain/avr8 gcc/native/3.4.1051/avr8-gnu-toolchain/bin/../lib/gcc/avr/4.8.1/avr5\libgcc.a(_clear_bss.o)
 .bss           0x00000000        0x0 c:/program files (x86)/atmel/atmel toolchain/avr8 gcc/native/3.4.1051/avr8-gnu-toolchain/bin/../lib/gcc/avr/4.8.1/avr5\libgcc.a(_clear_bss.o)
 .text.libgcc.mul
                0x00000000        0x0 c:/program files (x86)/atmel/atmel toolchain/avr8 gcc/native/3.4.1051/avr8-gnu-toolchain/bin/../lib/gcc/avr/4.8.1/avr5\libgcc.a(_clear_bss.o)
 .text.libgcc.div
                0x00000000        0x0 c:/program files (x86)/atmel/atmel toolchain/avr8 gcc/native/3.4.1051/avr8-gnu-toolchain/bin/../lib/gcc/avr/4.8.1/avr5\libgcc.a(_clear_bss.o)
 .text.libgcc   0x00000000        0x0 c:/program files (x86)/atmel/atmel toolchain/avr8 gcc/native/3.4.1051/avr8-gnu-toolchain/bin/../lib/gcc/avr/4.8.1/avr5\libgcc.a(_clear_bss.o)
 .text.libgcc.prologue
                0x00000000        0x0 c:/program files (x86)/atmel/atmel toolchain/avr8 gcc/native/3.4.1051/avr8-gnu-toolchain/bin/../lib/gcc/avr/4.8.1/avr5\libgcc.a(_clear_bss.o)
 .text.libgcc.builtins
                0x00000000        0x0 c:/program files (x86)/atmel/atmel toolchain/avr8 gcc/native/3.4.1051/avr8-gnu-toolchain/bin/../lib/gcc/avr/4.8.1/avr5\libgcc.a(_clear_bss.o)
 .text.libgcc.fmul
                0x00000000        0x0 c:/program files (x86)/atmel/atmel toolchain/avr8 gcc/native/3.4.1051/avr8-gnu-toolchain/bin/../lib/gcc/avr/4.8.1/avr5\libgcc.a(_clear_bss.o)
 .text.libgcc.fixed
                0x00000000        0x0 c:/program files (x86)/atmel/atmel toolchain/avr8 gcc/native/3.4.1051/avr8-gnu-toolchain/bin/../lib/gcc/avr/4.8.1/avr5\libgcc.a(_clear_bss.o)
 .text          0x00000000        0x0 c:/program files (x86)/atmel/atmel toolchain/avr8 gcc/native/3.4.1051/avr8-gnu-toolchain/bin/../lib/gcc/avr/4.8.1/../../../../avr/lib/avr5\libc.a(strtol.o)
 .bss           0x00000000        0x0 c:/program files (x86)/atmel/atmel toolchain/avr8 gcc/native/3.4.1051/avr8-gnu-toolchain/bin/../lib/gcc/avr/4.8.1/../../../../avr/lib/avr5\libc.a(strtol.o)
 .text          0x00000000        0x0 c:/program files (x86)/atmel/atmel toolchain/avr8 gcc/native/3.4.1051/avr8-gnu-toolchain/bin/../lib/gcc/avr/4.8.1/../../../../avr/lib/avr5\libc.a(atoi.o)
 .bss           0x00000000        0x0 c:/program files (x86)/atmel/atmel toolchain/avr8 gcc/native/3.4.1051/avr8-gnu-toolchain/bin/../lib/gcc/avr/4.8.1/../../../../avr/lib/avr5\libc.a(atoi.o)
 .text          0x00000000        0x0 c:/program files (x86)/atmel/atmel toolchain/avr8 gcc/native/3.4.1051/avr8-gnu-toolchain/bin/../lib/gcc/avr/4.8.1/../../../../avr/lib/avr5\libc.a(isspace.o)
 .bss           0x00000000        0x0 c:/program files (x86)/atmel/atmel toolchain/avr8 gcc/native/3.4.1051/avr8-gnu-toolchain/bin/../lib/gcc/avr/4.8.1/../../../../avr/lib/avr5\libc.a(isspace.o)
 .text          0x00000000        0x0 c:/program files (x86)/atmel/atmel toolchain/avr8 gcc/native/3.4.1051/avr8-gnu-toolchain/bin/../lib/gcc/avr/4.8.1/../../../../avr/lib/avr5\libc.a(memcpy_P.o)
 .bss           0x00000000        0x0 c:/program files (x86)/atmel/atmel toolchain/avr8 gcc/native/3.4.1051/avr8-gnu-toolchain/bin/../lib/gcc/avr/4.8.1/../../../../avr/lib/avr5\libc.a(memcpy_P.o)
 .text          0x00000000        0x0 c:/program files (x86)/atmel/atmel toolchain/avr8 gcc/native/3.4.1051/avr8-gnu-toolchain/bin/../lib/gcc/avr/4.8.1/../../../../avr/lib/avr5\libc.a(strcpy_P.o)
 .bss           0x00000000        0x0 c:/program files (x86)/atmel/atmel toolchain/avr8 gcc/native/3.4.1051/avr8-gnu-toolchain/bin/../lib/gcc/avr/4.8.1/../../../../avr/lib/avr5\libc.a(strcpy_P.o)
 .text          0x00000000        0x0 c:/program files (x86)/atmel/atmel toolchain/avr8 gcc/native/3.4.1051/avr8-gnu-toolchain/bin/../lib/gcc/avr/4.8.1/../../../../avr/lib/avr5\libc.a(strncasecmp_P.o)
 .bss           0x00000000        0x0 c:/program files (x86)/atmel/atmel toolchain/avr8 gcc/native/3.4.1051/avr8-gnu-toolchain/bin/../lib/gcc/avr/4.8.1/../../../../avr/lib/avr5\libc.a(strncasecmp_P.o)
 .text          0x00000000        0x0 c:/program files (x86)/atmel/atmel toolchain/avr8 gcc/native/3.4.1051/avr8-gnu-toolchain/bin/../lib/gcc/avr/4.8.1/../../../../avr/lib/avr5\libc.a(memcpy.o)
 .bss           0x00000000        0x0 c:/program files (x86)/atmel/atmel toolchain/avr8 gcc/native/3.4.1051/avr8-gnu-toolchain/bin/../lib/gcc/avr/4.8.1/../../../../avr/lib/avr5\libc.a(memcpy.o)
 .text          0x00000000        0x0 c:/program files (x86)/atmel/atmel toolchain/avr8 gcc/native/3.4.1051/avr8-gnu-toolchain/bin/../lib/gcc/avr/4.8.1/../../../../avr/lib/avr5\libc.a(strcasecmp.o)
 .bss           0x00000000        0x0 c:/program files (x86)/atmel/atmel toolchain/avr8 gcc/native/3.4.1051/avr8-gnu-toolchain/bin/../lib/gcc/avr/4.8.1/../../../../avr/lib/avr5\libc.a(strcasecmp.o)
 .text          0x00000000        0x0 c:/program files (x86)/atmel/atmel toolchain/avr8 gcc/native/3.4.1051/avr8-gnu-toolchain/bin/../lib/gcc/avr/4.8.1/../../../../avr/lib/avr5\libc.a(strcasestr.o)
 .bss           0x00000000        0x0 c:/program files (x86)/atmel/atmel toolchain/avr8 gcc/native/3.4.1051/avr8-gnu-toolchain/bin/../lib/gcc/avr/4.8.1/../../../../avr/lib/avr5\libc.a(strcasestr.o)
 .text          0x00000000        0x0 c:/program files (x86)/atmel/atmel toolchain/avr8 gcc/native/3.4.1051/avr8-gnu-toolchain/bin/../lib/gcc/avr/4.8.1/../../../../avr/lib/avr5\libc.a(strcasestr_P.o)
 .bss           0x00000000        0x0 c:/program files (x86)/atmel/atmel toolchain/avr8 gcc/native/3.4.1051/avr8-gnu-toolchain/bin/../lib/gcc/avr/4.8.1/../../../../avr/lib/avr5\libc.a(strcasestr_P.o)
 .text          0x00000000        0x0 c:/program files (x86)/atmel/atmel toolchain/avr8 gcc/native/3.4.1051/avr8-gnu-toolchain/bin/../lib/gcc/avr/4.8.1/../../../../avr/lib/avr5\libc.a(strcat.o)
 .bss           0x00000000        0x0 c:/program files (x86)/atmel/atmel toolchain/avr8 gcc/native/3.4.1051/avr8-gnu-toolchain/bin/../lib/gcc/avr/4.8.1/../../../../avr/lib/avr5\libc.a(strcat.o)
 .text          0x00000000        0x0 c:/program files (x86)/atmel/atmel toolchain/avr8 gcc/native/3.4.1051/avr8-gnu-toolchain/bin/../lib/gcc/avr/4.8.1/../../../../avr/lib/avr5\libc.a(strcpy.o)
 .bss           0x00000000        0x0 c:/program files (x86)/atmel/atmel toolchain/avr8 gcc/native/3.4.1051/avr8-gnu-toolchain/bin/../lib/gcc/avr/4.8.1/../../../../avr/lib/avr5\libc.a(strcpy.o)
 .text          0x00000000        0x0 c:/program files (x86)/atmel/atmel toolchain/avr8 gcc/native/3.4.1051/avr8-gnu-toolchain/bin/../lib/gcc/avr/4.8.1/../../../../avr/lib/avr5\libc.a(strnlen.o)
 .bss           0x00000000        0x0 c:/program files (x86)/atmel/atmel toolchain/avr8 gcc/native/3.4.1051/avr8-gnu-toolchain/bin/../lib/gcc/avr/4.8.1/../../../../avr/lib/avr5\libc.a(strnlen.o)
 .text          0x00000000        0x0 c:/program files (x86)/atmel/atmel toolchain/avr8 gcc/native/3.4.1051/avr8-gnu-toolchain/bin/../lib/gcc/avr/4.8.1/../../../../avr/lib/avr5\libc.a(strsep.o)
 .bss           0x00000000        0x0 c:/program files (x86)/atmel/atmel toolchain/avr8 gcc/native/3.4.1051/avr8-gnu-toolchain/bin/../lib/gcc/avr/4.8.1/../../../../avr/lib/avr5\libc.a(strsep.o)
 .text          0x00000000        0x0 c:/program files (x86)/atmel/atmel toolchain/avr8 gcc/native/3.4.1051/avr8-gnu-toolchain/bin/../lib/gcc/avr/4.8.1/../../../../avr/lib/avr5\libc.a(itoa.o)
 .bss           0x00000000        0x0 c:/program files (x86)/atmel/atmel toolchain/avr8 gcc/native/3.4.1051/avr8-gnu-toolchain/bin/../lib/gcc/avr/4.8.1/../../../../avr/lib/avr5\libc.a(itoa.o)
 .text          0x00000000        0x0 c:/program files (x86)/atmel/atmel toolchain/avr8 gcc/native/3.4.1051/avr8-gnu-toolchain/bin/../lib/gcc/avr/4.8.1/../../../../avr/lib/avr5\libc.a(itoa_ncheck.o)
 .bss           0x00000000        0x0 c:/program files (x86)/atmel/atmel toolchain/avr8 gcc/native/3.4.1051/avr8-gnu-toolchain/bin/../lib/gcc/avr/4.8.1/../../../../avr/lib/avr5\libc.a(itoa_ncheck.o)
 .text          0x00000000        0x0 c:/program files (x86)/atmel/atmel toolchain/avr8 gcc/native/3.4.1051/avr8-gnu-toolchain/bin/../lib/gcc/avr/4.8.1/../../../../avr/lib/avr5\libc.a(mul10.o)
 .bss           0x00000000        0x0 c:/program files (x86)/atmel/atmel toolchain/avr8 gcc/native/3.4.1051/avr8-gnu-toolchain/bin/../lib/gcc/avr/4.8.1/../../../../avr/lib/avr5\libc.a(mul10.o)
 .text          0x00000000        0x0 c:/program files (x86)/atmel/atmel toolchain/avr8 gcc/native/3.4.1051/avr8-gnu-toolchain/bin/../lib/gcc/avr/4.8.1/../../../../avr/lib/avr5\libc.a(utoa_ncheck.o)
 .bss           0x00000000        0x0 c:/program files (x86)/atmel/atmel toolchain/avr8 gcc/native/3.4.1051/avr8-gnu-toolchain/bin/../lib/gcc/avr/4.8.1/../../../../avr/lib/avr5\libc.a(utoa_ncheck.o)
 .text          0x00000000        0x0 c:/program files (x86)/atmel/atmel toolchain/avr8 gcc/native/3.4.1051/avr8-gnu-toolchain/bin/../lib/gcc/avr/4.8.1/../../../../avr/lib/avr5\libc.a(eerd_byte_atmega32.o)
 .bss           0x00000000        0x0 c:/program files (x86)/atmel/atmel toolchain/avr8 gcc/native/3.4.1051/avr8-gnu-toolchain/bin/../lib/gcc/avr/4.8.1/../../../../avr/lib/avr5\libc.a(eerd_byte_atmega32.o)
 .text          0x00000000        0x0 c:/program files (x86)/atmel/atmel toolchain/avr8 gcc/native/3.4.1051/avr8-gnu-toolchain/bin/../lib/gcc/avr/4.8.1/../../../../avr/lib/avr5\libc.a(eewr_byte_atmega32.o)
 .bss           0x00000000        0x0 c:/program files (x86)/atmel/atmel toolchain/avr8 gcc/native/3.4.1051/avr8-gnu-toolchain/bin/../lib/gcc/avr/4.8.1/../../../../avr/lib/avr5\libc.a(eewr_byte_atmega32.o)
 .text          0x00000000        0x0 c:/program files (x86)/atmel/atmel toolchain/avr8 gcc/native/3.4.1051/avr8-gnu-toolchain/bin/../lib/gcc/avr/4.8.1/../../../../avr/lib/avr5\libc.a(errno.o)
 .bss           0x00000000        0x0 c:/program files (x86)/atmel/atmel toolchain/avr8 gcc/native/3.4.1051/avr8-gnu-toolchain/bin/../lib/gcc/avr/4.8.1/../../../../avr/lib/avr5\libc.a(errno.o)
 .text          0x00000000        0x0 c:/program files (x86)/atmel/atmel toolchain/avr8 gcc/native/3.4.1051/avr8-gnu-toolchain/bin/../lib/gcc/avr/4.8.1/../../../../avr/lib/avr5\libc.a(cty_isfalse.o)
 .bss           0x00000000        0x0 c:/program files (x86)/atmel/atmel toolchain/avr8 gcc/native/3.4.1051/avr8-gnu-toolchain/bin/../lib/gcc/avr/4.8.1/../../../../avr/lib/avr5\libc.a(cty_isfalse.o)
 .text          0x00000000        0x0 c:/program files (x86)/atmel/atmel toolchain/avr8 gcc/native/3.4.1051/avr8-gnu-toolchain/bin/../lib/gcc/avr/4.8.1/../../../../avr/lib/avr5\libc.a(strrev.o)
 .bss           0x00000000        0x0 c:/program files (x86)/atmel/atmel toolchain/avr8 gcc/native/3.4.1051/avr8-gnu-toolchain/bin/../lib/gcc/avr/4.8.1/../../../../avr/lib/avr5\libc.a(strrev.o)
 .text          0x00000000        0x0 c:/program files (x86)/atmel/atmel toolchain/avr8 gcc/native/3.4.1051/avr8-gnu-toolchain/bin/../lib/gcc/avr/4.8.1/avr5\libgcc.a(_mulsi3.o)
 .bss           0x00000000        0x0 c:/program files (x86)/atmel/atmel toolchain/avr8 gcc/native/3.4.1051/avr8-gnu-toolchain/bin/../lib/gcc/avr/4.8.1/avr5\libgcc.a(_mulsi3.o)
 .text.libgcc.div
                0x00000000        0x0 c:/program files (x86)/atmel/atmel toolchain/avr8 gcc/native/3.4.1051/avr8-gnu-toolchain/bin/../lib/gcc/avr/4.8.1/avr5\libgcc.a(_mulsi3.o)
 .text.libgcc   0x00000000        0x0 c:/program files (x86)/atmel/atmel toolchain/avr8 gcc/native/3.4.1051/avr8-gnu-toolchain/bin/../lib/gcc/avr/4.8.1/avr5\libgcc.a(_mulsi3.o)
 .text.libgcc.prologue
                0x00000000        0x0 c:/program files (x86)/atmel/atmel toolchain/avr8 gcc/native/3.4.1051/avr8-gnu-toolchain/bin/../lib/gcc/avr/4.8.1/avr5\libgcc.a(_mulsi3.o)
 .text.libgcc.builtins
                0x00000000        0x0 c:/program files (x86)/atmel/atmel toolchain/avr8 gcc/native/3.4.1051/avr8-gnu-toolchain/bin/../lib/gcc/avr/4.8.1/avr5\libgcc.a(_mulsi3.o)
 .text.libgcc.fmul
                0x00000000        0x0 c:/program files (x86)/atmel/atmel toolchain/avr8 gcc/native/3.4.1051/avr8-gnu-toolchain/bin/../lib/gcc/avr/4.8.1/avr5\libgcc.a(_mulsi3.o)
 .text.libgcc.fixed
                0x00000000        0x0 c:/program files (x86)/atmel/atmel toolchain/avr8 gcc/native/3.4.1051/avr8-gnu-toolchain/bin/../lib/gcc/avr/4.8.1/avr5\libgcc.a(_mulsi3.o)
 .text          0x00000000        0x0 c:/program files (x86)/atmel/atmel toolchain/avr8 gcc/native/3.4.1051/avr8-gnu-toolchain/bin/../lib/gcc/avr/4.8.1/avr5\libgcc.a(_muluhisi3.o)
 .bss           0x00000000        0x0 c:/program files (x86)/atmel/atmel toolchain/avr8 gcc/native/3.4.1051/avr8-gnu-toolchain/bin/../lib/gcc/avr/4.8.1/avr5\libgcc.a(_muluhisi3.o)
 .text.libgcc.div
                0x00000000        0x0 c:/program files (x86)/atmel/atmel toolchain/avr8 gcc/native/3.4.1051/avr8-gnu-toolchain/bin/../lib/gcc/avr/4.8.1/avr5\libgcc.a(_muluhisi3.o)
 .text.libgcc   0x00000000        0x0 c:/program files (x86)/atmel/atmel toolchain/avr8 gcc/native/3.4.1051/avr8-gnu-toolchain/bin/../lib/gcc/avr/4.8.1/avr5\libgcc.a(_muluhisi3.o)
 .text.libgcc.prologue
                0x00000000        0x0 c:/program files (x86)/atmel/atmel toolchain/avr8 gcc/native/3.4.1051/avr8-gnu-toolchain/bin/../lib/gcc/avr/4.8.1/avr5\libgcc.a(_muluhisi3.o)
 .text.libgcc.builtins
                0x00000000        0x0 c:/program files (x86)/atmel/atmel toolchain/avr8 gcc/native/3.4.1051/avr8-gnu-toolchain/bin/../lib/gcc/avr/4.8.1/avr5\libgcc.a(_muluhisi3.o)
 .text.libgcc.fmul
                0x00000000        0x0 c:/program files (x86)/atmel/atmel toolchain/avr8 gcc/native/3.4.1051/avr8-gnu-toolchain/bin/../lib/gcc/avr/4.8.1/avr5\libgcc.a(_muluhisi3.o)
 .text.libgcc.fixed
                0x00000000        0x0 c:/program files (x86)/atmel/atmel toolchain/avr8 gcc/native/3.4.1051/avr8-gnu-toolchain/bin/../lib/gcc/avr/4.8.1/avr5\libgcc.a(_muluhisi3.o)
 .text          0x00000000        0x0 c:/program files (x86)/atmel/atmel toolchain/avr8 gcc/native/3.4.1051/avr8-gnu-toolchain/bin/../lib/gcc/avr/4.8.1/avr5\libgcc.a(_umulhisi3.o)
 .bss           0x00000000        0x0 c:/program files (x86)/atmel/atmel toolchain/avr8 gcc/native/3.4.1051/avr8-gnu-toolchain/bin/../lib/gcc/avr/4.8.1/avr5\libgcc.a(_umulhisi3.o)
 .text.libgcc.div
                0x00000000        0x0 c:/program files (x86)/atmel/atmel toolchain/avr8 gcc/native/3.4.1051/avr8-gnu-toolchain/bin/../lib/gcc/avr/4.8.1/avr5\libgcc.a(_umulhisi3.o)
 .text.libgcc   0x00000000        0x0 c:/program files (x86)/atmel/atmel toolchain/avr8 gcc/native/3.4.1051/avr8-gnu-toolchain/bin/../lib/gcc/avr/4.8.1/avr5\libgcc.a(_umulhisi3.o)
 .text.libgcc.prologue
                0x00000000        0x0 c:/program files (x86)/atmel/atmel toolchain/avr8 gcc/native/3.4.1051/avr8-gnu-toolchain/bin/../lib/gcc/avr/4.8.1/avr5\libgcc.a(_umulhisi3.o)
 .text.libgcc.builtins
                0x00000000        0x0 c:/program files (x86)/atmel/atmel toolchain/avr8 gcc/native/3.4.1051/avr8-gnu-toolchain/bin/../lib/gcc/avr/4.8.1/avr5\libgcc.a(_umulhisi3.o)
 .text.libgcc.fmul
                0x00000000        0x0 c:/program files (x86)/atmel/atmel toolchain/avr8 gcc/native/3.4.1051/avr8-gnu-toolchain/bin/../lib/gcc/avr/4.8.1/avr5\libgcc.a(_umulhisi3.o)
 .text.libgcc.fixed
                0x00000000        0x0 c:/program files (x86)/atmel/atmel toolchain/avr8 gcc/native/3.4.1051/avr8-gnu-toolchain/bin/../lib/gcc/avr/4.8.1/avr5\libgcc.a(_umulhisi3.o)

Memory Configuration

Name             Origin             Length             Attributes
text             0x00000000         0x00020000         xr
data             0x00800060         0x0000ffa0         rw !x
eeprom           0x00810000         0x00010000         rw !x
fuse             0x00820000         0x00000400         rw !x
lock             0x00830000         0x00000400         rw !x
signature        0x00840000         0x00000400         rw !x
user_signatures  0x00850000         0x00000400         rw !x
*default*        0x00000000         0xffffffff

Linker script and memory map

LOAD c:/program files (x86)/atmel/atmel toolchain/avr8 gcc/native/3.4.1051/avr8-gnu-toolchain/bin/../lib/gcc/avr/4.8.1/../../../../avr/lib/avr5/crtm32.o
LOAD analog.o
LOAD artnet.o
LOAD base64.o
LOAD cmd.o
LOAD dhcpc.o
LOAD dnsc.o
LOAD httpd.o
LOAD http_get.o
LOAD lcd.o
LOAD main.o
LOAD networkcard/enc28j60.o
LOAD networkcard/rtl8019.o
LOAD ntp.o
LOAD sendmail.o
LOAD stack.o
LOAD telnetd.o
LOAD timer.o
LOAD udp_lcd.o
LOAD usart.o
LOAD wol.o
START GROUP
LOAD c:/program files (x86)/atmel/atmel toolchain/avr8 gcc/native/3.4.1051/avr8-gnu-toolchain/bin/../lib/gcc/avr/4.8.1/../../../../avr/lib/avr5\libm.a
END GROUP
START GROUP
LOAD c:/program files (x86)/atmel/atmel toolchain/avr8 gcc/native/3.4.1051/avr8-gnu-toolchain/bin/../lib/gcc/avr/4.8.1/avr5\libgcc.a
LOAD c:/program files (x86)/atmel/atmel toolchain/avr8 gcc/native/3.4.1051/avr8-gnu-toolchain/bin/../lib/gcc/avr/4.8.1/../../../../avr/lib/avr5\libm.a
LOAD c:/program files (x86)/atmel/atmel toolchain/avr8 gcc/native/3.4.1051/avr8-gnu-toolchain/bin/../lib/gcc/avr/4.8.1/../../../../avr/lib/avr5\libc.a
END GROUP

.hash
 *(.hash)

.dynsym
 *(.dynsym)

.dynstr
 *(.dynstr)

.gnu.version
 *(.gnu.version)

.gnu.version_d
 *(.gnu.version_d)

.gnu.version_r
 *(.gnu.version_r)

.rel.init
 *(.rel.init)

.rela.init
 *(.rela.init)

.rel.text
 *(.rel.text)
 *(.rel.text.*)
 *(.rel.gnu.linkonce.t*)

.rela.text
 *(.rela.text)
 *(.rela.text.*)
 *(.rela.gnu.linkonce.t*)

.rel.fini
 *(.rel.fini)

.rela.fini
 *(.rela.fini)

.rel.rodata
 *(.rel.rodata)
 *(.rel.rodata.*)
 *(.rel.gnu.linkonce.r*)

.rela.rodata
 *(.rela.rodata)
 *(.rela.rodata.*)
 *(.rela.gnu.linkonce.r*)

.rel.data
 *(.rel.data)
 *(.rel.data.*)
 *(.rel.gnu.linkonce.d*)

.rela.data
 *(.rela.data)
 *(.rela.data.*)
 *(.rela.gnu.linkonce.d*)

.rel.ctors
 *(.rel.ctors)

.rela.ctors
 *(.rela.ctors)

.rel.dtors
 *(.rel.dtors)

.rela.dtors
 *(.rela.dtors)

.rel.got
 *(.rel.got)

.rela.got
 *(.rela.got)

.rel.bss
 *(.rel.bss)

.rela.bss
 *(.rela.bss)

.rel.plt
 *(.rel.plt)

.rela.plt
 *(.rela.plt)

.text           0x00000000     0x5f7a
 *(.vectors)
 .vectors       0x00000000       0x54 c:/program files (x86)/atmel/atmel toolchain/avr8 gcc/native/3.4.1051/avr8-gnu-toolchain/bin/../lib/gcc/avr/4.8.1/../../../../avr/lib/avr5/crtm32.o
                0x00000000                __vector_default
                0x00000000                __vectors
 *(.vectors)
 *(.progmem.gcc*)
                0x00000054                . = ALIGN (0x2)
                0x00000054                __trampolines_start = .
 *(.trampolines)
 .trampolines   0x00000054        0x0 linker stubs
 *(.trampolines*)
                0x00000054                __trampolines_end = .
 *(.progmem*)
 .progmem.data.BASE64CODE
                0x00000054       0x42 base64.o
                0x00000054                BASE64CODE
 .progmem.data.__c.2510
                0x00000096        0x3 cmd.o
 .progmem.data.__c.2491
                0x00000099       0x16 cmd.o
 .progmem.data.__c.2483
                0x000000af       0x21 cmd.o
 .progmem.data.__c.2475
                0x000000d0        0xd cmd.o
 .progmem.data.__c.2473
                0x000000dd        0xb cmd.o
 .progmem.data.__c.2471
                0x000000e8        0x5 cmd.o
 .progmem.data.__c.2469
                0x000000ed        0x5 cmd.o
 .progmem.data.__c.2467
                0x000000f2        0x5 cmd.o
 .progmem.data.__c.2465
                0x000000f7        0x9 cmd.o
 .progmem.data.__c.2463
                0x00000100        0x4 cmd.o
 .progmem.data.__c.2454
                0x00000104        0xd cmd.o
 .progmem.data.__c.2452
                0x00000111        0x5 cmd.o
 .progmem.data.__c.2450
                0x00000116        0x5 cmd.o
 .progmem.data.__c.2448
                0x0000011b        0x5 cmd.o
 .progmem.data.__c.2446
                0x00000120        0x9 cmd.o
 .progmem.data.__c.2444
                0x00000129        0x5 cmd.o
 .progmem.data.__c.2442
                0x0000012e        0x5 cmd.o
 .progmem.data.__c.2440
                0x00000133        0x5 cmd.o
 .progmem.data.__c.2438
                0x00000138        0x5 cmd.o
 .progmem.data.__c.2436
                0x0000013d        0x5 cmd.o
 .progmem.data.__c.2434
                0x00000142        0xd cmd.o
 .progmem.data.__c.2428
                0x0000014f       0x18 cmd.o
 .progmem.data.__c.2423
                0x00000167       0x22 cmd.o
 .progmem.data.__c.2418
                0x00000189       0x1d cmd.o
 .progmem.data.__c.2413
                0x000001a6       0x1b cmd.o
 .progmem.data.__c.2396
                0x000001c1       0x19 cmd.o
 .progmem.data.helptext
                0x000001da      0x194 cmd.o
                0x000001da                helptext
 .progmem.data.__c.2390
                0x0000036e        0xb httpd.o
 .progmem.data.__c.2388
                0x00000379        0xa httpd.o
 .progmem.data.__c.2374
                0x00000383        0x2 httpd.o
 .progmem.data.__c.2372
                0x00000385        0x8 httpd.o
 .progmem.data.__c.2319
                0x0000038d        0x5 httpd.o
 .progmem.data.Page0
                0x00000392       0x15 httpd.o
                0x00000392                Page0
 .progmem.data.http_header5
                0x000003a7       0x77 httpd.o
                0x000003a7                http_header5
 .progmem.data.http_header4
                0x0000041e       0x78 httpd.o
                0x0000041e                http_header4
 .progmem.data.http_header3
                0x00000496       0x59 httpd.o
                0x00000496                http_header3
 .progmem.data.http_header2
                0x000004ef       0x82 httpd.o
                0x000004ef                http_header2
 .progmem.data.http_header1
                0x00000571       0x58 httpd.o
                0x00000571                http_header1
 .progmem.data.http_header0
                0x000005c9       0x59 httpd.o
                0x000005c9                http_header0
 .progmem.data.bild_rakete
                0x00000622      0x79a httpd.o
                0x00000622                bild_rakete
 .progmem.data.bild_balken
                0x00000dbc       0x49 httpd.o
                0x00000dbc                bild_balken
 .progmem.data.led_off
                0x00000e05       0xae httpd.o
                0x00000e05                led_off
 .progmem.data.led_on
                0x00000eb3       0x9f httpd.o
                0x00000eb3                led_on
 .progmem.data.Page3
                0x00000f52      0x300 httpd.o
                0x00000f52                Page3
 .progmem.data.Page2
                0x00001252      0x2c7 httpd.o
                0x00001252                Page2
 .progmem.data.Page1
                0x00001519      0x82c httpd.o
                0x00001519                Page1
 .progmem.data.__c.2149
                0x00001d45       0x18 main.o
 .progmem.data.__c.2147
                0x00001d5d        0xa main.o
 .progmem.data.__c.2145
                0x00001d67        0xa main.o
 .progmem.data.__c.2143
                0x00001d71        0x3 main.o
 .progmem.data.__c.2141
                0x00001d74       0x17 main.o
 .progmem.data.__c.2139
                0x00001d8b       0x17 main.o
 .progmem.data.__c.2137
                0x00001da2       0x19 main.o
 .progmem.data.__c.2132
                0x00001dbb       0x23 main.o
 .progmem.data.__c.2130
                0x00001dde       0x28 main.o
 .progmem.data.__c.2128
                0x00001e06       0x11 main.o
 .progmem.data.enc_configdata
                0x00001e17       0x36 networkcard/enc28j60.o
 .progmem.data.__c.1837
                0x00001e4d       0x17 telnetd.o
                0x00001e64                . = ALIGN (0x2)
 *(.jumptables)
 *(.jumptables*)
 *(.lowtext)
 *(.lowtext*)
                0x00001e64                __ctors_start = .
 *(.ctors)
                0x00001e64                __ctors_end = .
                0x00001e64                __dtors_start = .
 *(.dtors)
                0x00001e64                __dtors_end = .
 SORT(*)(.ctors)
 SORT(*)(.dtors)
 *(.init0)
 .init0         0x00001e64        0x0 c:/program files (x86)/atmel/atmel toolchain/avr8 gcc/native/3.4.1051/avr8-gnu-toolchain/bin/../lib/gcc/avr/4.8.1/../../../../avr/lib/avr5/crtm32.o
                0x00001e64                __init
 *(.init0)
 *(.init1)
 *(.init1)
 *(.init2)
 .init2         0x00001e64        0xc c:/program files (x86)/atmel/atmel toolchain/avr8 gcc/native/3.4.1051/avr8-gnu-toolchain/bin/../lib/gcc/avr/4.8.1/../../../../avr/lib/avr5/crtm32.o
 *(.init2)
 *(.init3)
 *(.init3)
 *(.init4)
 .init4         0x00001e70       0x16 c:/program files (x86)/atmel/atmel toolchain/avr8 gcc/native/3.4.1051/avr8-gnu-toolchain/bin/../lib/gcc/avr/4.8.1/avr5\libgcc.a(_copy_data.o)
                0x00001e70                __do_copy_data
 .init4         0x00001e86       0x10 c:/program files (x86)/atmel/atmel toolchain/avr8 gcc/native/3.4.1051/avr8-gnu-toolchain/bin/../lib/gcc/avr/4.8.1/avr5\libgcc.a(_clear_bss.o)
                0x00001e86                __do_clear_bss
 *(.init4)
 *(.init5)
 *(.init5)
 *(.init6)
 *(.init6)
 *(.init7)
 *(.init7)
 *(.init8)
 *(.init8)
 *(.init9)
 .init9         0x00001e96        0x8 c:/program files (x86)/atmel/atmel toolchain/avr8 gcc/native/3.4.1051/avr8-gnu-toolchain/bin/../lib/gcc/avr/4.8.1/../../../../avr/lib/avr5/crtm32.o
 *(.init9)
 *(.text)
 .text          0x00001e9e        0x4 c:/program files (x86)/atmel/atmel toolchain/avr8 gcc/native/3.4.1051/avr8-gnu-toolchain/bin/../lib/gcc/avr/4.8.1/../../../../avr/lib/avr5/crtm32.o
                0x00001e9e                __vector_1
                0x00001e9e                __vector_12
                0x00001e9e                __bad_interrupt
                0x00001e9e                __vector_6
                0x00001e9e                __vector_11
                0x00001e9e                __vector_17
                0x00001e9e                __vector_19
                0x00001e9e                __vector_5
                0x00001e9e                __vector_4
                0x00001e9e                __vector_9
                0x00001e9e                __vector_2
                0x00001e9e                __vector_15
                0x00001e9e                __vector_8
                0x00001e9e                __vector_14
                0x00001e9e                __vector_10
                0x00001e9e                __vector_16
                0x00001e9e                __vector_18
                0x00001e9e                __vector_20
                0x00001ea2                . = ALIGN (0x2)
 *(.text.*)
 .text.decode_base64
                0x00001ea2      0x108 base64.o
                0x00001ea2                decode_base64
 .text.command_reset
                0x00001faa        0x8 cmd.o
                0x00001faa                command_reset
 .text.command_ntp
                0x00001fb2        0x2 cmd.o
                0x00001fb2                command_ntp
 .text.command_ntp_refresh
                0x00001fb4        0x2 cmd.o
                0x00001fb4                command_ntp_refresh
 .text.command_mac
                0x00001fb6       0x4e cmd.o
                0x00001fb6                command_mac
 .text.command_ver
                0x00002004       0x1e cmd.o
                0x00002004                command_ver
 .text.command_arp
                0x00002022      0x1d6 cmd.o
                0x00002022                command_arp
 .text.command_tcp
                0x000021f8      0x190 cmd.o
                0x000021f8                command_tcp
 .text.command_setvar
                0x00002388       0x54 cmd.o
                0x00002388                command_setvar
 .text.command_time
                0x000023dc       0xd8 cmd.o
                0x000023dc                command_time
 .text.command_help
                0x000024b4       0x3c cmd.o
                0x000024b4                command_help
 .text.command_ping
                0x000024f0       0xb4 cmd.o
                0x000024f0                command_ping
 .text.extract_cmd
                0x000025a4       0xcc cmd.o
                0x000025a4                extract_cmd
 .text.write_eeprom_ip
                0x00002670       0x48 cmd.o
                0x00002670                write_eeprom_ip
 .text.command_ip
                0x000026b8       0xb4 cmd.o
                0x000026b8                command_ip
 .text.command_net
                0x0000276c       0xb4 cmd.o
                0x0000276c                command_net
 .text.command_router
                0x00002820       0x60 cmd.o
                0x00002820                command_router
 .text.httpd_init
                0x00002880       0x1a httpd.o
                0x00002880                httpd_init
 .text.httpd_stack_clear
                0x0000289a       0x46 httpd.o
                0x0000289a                httpd_stack_clear
 .text.httpd_header_check
                0x000028e0      0x73c httpd.o
                0x000028e0                httpd_header_check
 .text.httpd_data_send
                0x0000301c      0x3ae httpd.o
                0x0000301c                httpd_data_send
 .text.httpd    0x000033ca       0xf0 httpd.o
                0x000033ca                httpd
 .text.main     0x000034ba      0x1f0 main.o
                0x000034ba                main
 .text.usdelay  0x000036aa       0x10 networkcard/enc28j60.o
 .text.enc_clrbits_reg
                0x000036ba       0x16 networkcard/enc28j60.o
 .text.enc_setbits_reg
                0x000036d0       0x16 networkcard/enc28j60.o
 .text.enc_read_reg
                0x000036e6       0x76 networkcard/enc28j60.o
 .text.enc_write_reg
                0x0000375c       0x6c networkcard/enc28j60.o
 .text.enc_read_buf
                0x000037c8       0x2a networkcard/enc28j60.o
 .text.enc_write_buf
                0x000037f2       0x28 networkcard/enc28j60.o
 .text.enc_send_packet
                0x0000381a       0xb2 networkcard/enc28j60.o
                0x0000381a                enc_send_packet
 .text.enc_init
                0x000038cc      0x106 networkcard/enc28j60.o
                0x000038cc                enc_init
 .text.enc_receive_packet
                0x000039d2      0x126 networkcard/enc28j60.o
                0x000039d2                enc_receive_packet
 .text.htons32  0x00003af8       0x6a stack.o
                0x00003af8                htons32
 .text.get_eeprom_value
                0x00003b62       0x94 stack.o
                0x00003b62                get_eeprom_value
 .text.stack_init
                0x00003bf6       0xd4 stack.o
                0x00003bf6                stack_init
 .text.arp_timer_call
                0x00003cca       0xa4 stack.o
                0x00003cca                arp_timer_call
 .text.add_tcp_app
                0x00003d6e       0x4c stack.o
                0x00003d6e                add_tcp_app
 .text.__vector_3
                0x00003dba       0x30 stack.o
                0x00003dba                __vector_3
 .text.arp_entry_add
                0x00003dea      0x310 stack.o
                0x00003dea                arp_entry_add
 .text.arp_entry_search
                0x000040fa       0x68 stack.o
                0x000040fa                arp_entry_search
 .text.new_eth_header
                0x00004162       0x84 stack.o
                0x00004162                new_eth_header
 .text.arp_reply
                0x000041e6      0x14e stack.o
                0x000041e6                arp_reply
 .text.checksum
                0x00004334       0x8c stack.o
                0x00004334                checksum
 .text.make_ip_header
                0x000043c0       0x9a stack.o
                0x000043c0                make_ip_header
 .text.icmp_send
                0x0000445a       0x9a stack.o
                0x0000445a                icmp_send
 .text.tcp_entry_add
                0x000044f4      0x216 stack.o
                0x000044f4                tcp_entry_add
 .text.tcp_entry_search
                0x0000470a       0x62 stack.o
                0x0000470a                tcp_entry_search
 .text.udp_socket_process
                0x0000476c       0x68 stack.o
                0x0000476c                udp_socket_process
 .text.create_new_tcp_packet
                0x000047d4      0x17e stack.o
                0x000047d4                create_new_tcp_packet
 .text.tcp_Port_close
                0x00004952       0x24 stack.o
                0x00004952                tcp_Port_close
 .text.find_and_start
                0x00004976       0x86 stack.o
                0x00004976                find_and_start
 .text.tcp_index_del
                0x000049fc       0x48 stack.o
                0x000049fc                tcp_index_del
 .text.tcp_timer_call
                0x00004a44       0xe2 stack.o
                0x00004a44                tcp_timer_call
 .text.tcp_socket_process
                0x00004b26      0x3ce stack.o
                0x00004b26                tcp_socket_process
 .text.check_packet
                0x00004ef4      0x11c stack.o
                0x00004ef4                check_packet
 .text.eth_get_data
                0x00005010       0x56 stack.o
                0x00005010                eth_get_data
 .text.arp_request
                0x00005066      0x1b4 stack.o
                0x00005066                arp_request
 .text.telnetd_init
                0x0000521a        0xe telnetd.o
                0x0000521a                telnetd_init
 .text.telnetd_send_data
                0x00005228      0x104 telnetd.o
                0x00005228                telnetd_send_data
 .text.telnetd  0x0000532c      0x28a telnetd.o
                0x0000532c                telnetd
 .text.timer_init
                0x000055b6       0x1a timer.o
                0x000055b6                timer_init
 .text.__vector_7
                0x000055d0       0x7e timer.o
                0x000055d0                __vector_7
 .text.usart_init
                0x0000564e       0x48 usart.o
                0x0000564e                usart_init
 .text.usart_write_char
                0x00005696       0x10 usart.o
                0x00005696                usart_write_char
 .text.usart_write_str
                0x000056a6       0x1e usart.o
                0x000056a6                usart_write_str
 .text.usart_write_P
                0x000056c4      0x1e6 usart.o
                0x000056c4                usart_write_P
 .text.__vector_13
                0x000058aa      0x13a usart.o
                0x000058aa                __vector_13
 .text.libgcc.div
                0x000059e4       0x44 c:/program files (x86)/atmel/atmel toolchain/avr8 gcc/native/3.4.1051/avr8-gnu-toolchain/bin/../lib/gcc/avr/4.8.1/avr5\libgcc.a(_udivmodsi4.o)
                0x000059e4                __udivmodsi4
 .text.avr-libc
                0x00005a28      0x268 c:/program files (x86)/atmel/atmel toolchain/avr8 gcc/native/3.4.1051/avr8-gnu-toolchain/bin/../lib/gcc/avr/4.8.1/../../../../avr/lib/avr5\libc.a(strtol.o)
                0x00005a28                strtol
 .text.avr-libc
                0x00005c90       0x3c c:/program files (x86)/atmel/atmel toolchain/avr8 gcc/native/3.4.1051/avr8-gnu-toolchain/bin/../lib/gcc/avr/4.8.1/../../../../avr/lib/avr5\libc.a(atoi.o)
                0x00005c90                atoi
 .text.avr-libc
                0x00005ccc       0x10 c:/program files (x86)/atmel/atmel toolchain/avr8 gcc/native/3.4.1051/avr8-gnu-toolchain/bin/../lib/gcc/avr/4.8.1/../../../../avr/lib/avr5\libc.a(isspace.o)
                0x00005ccc                isspace
 .text.avr-libc
                0x00005cdc       0x12 c:/program files (x86)/atmel/atmel toolchain/avr8 gcc/native/3.4.1051/avr8-gnu-toolchain/bin/../lib/gcc/avr/4.8.1/../../../../avr/lib/avr5\libc.a(memcpy_P.o)
                0x00005cdc                memcpy_P
 .text.avr-libc
                0x00005cee        0xe c:/program files (x86)/atmel/atmel toolchain/avr8 gcc/native/3.4.1051/avr8-gnu-toolchain/bin/../lib/gcc/avr/4.8.1/../../../../avr/lib/avr5\libc.a(strcpy_P.o)
                0x00005cee                strcpy_P
 .text.avr-libc
                0x00005cfc       0x30 c:/program files (x86)/atmel/atmel toolchain/avr8 gcc/native/3.4.1051/avr8-gnu-toolchain/bin/../lib/gcc/avr/4.8.1/../../../../avr/lib/avr5\libc.a(strncasecmp_P.o)
                0x00005cfc                strncasecmp_P
 .text.avr-libc
                0x00005d2c       0x12 c:/program files (x86)/atmel/atmel toolchain/avr8 gcc/native/3.4.1051/avr8-gnu-toolchain/bin/../lib/gcc/avr/4.8.1/../../../../avr/lib/avr5\libc.a(memcpy.o)
                0x00005d2c                memcpy
 .text.avr-libc
                0x00005d3e       0x26 c:/program files (x86)/atmel/atmel toolchain/avr8 gcc/native/3.4.1051/avr8-gnu-toolchain/bin/../lib/gcc/avr/4.8.1/../../../../avr/lib/avr5\libc.a(strcasecmp.o)
                0x00005d3e                strcasecmp
 .text.avr-libc
                0x00005d64       0x4a c:/program files (x86)/atmel/atmel toolchain/avr8 gcc/native/3.4.1051/avr8-gnu-toolchain/bin/../lib/gcc/avr/4.8.1/../../../../avr/lib/avr5\libc.a(strcasestr.o)
                0x00005d64                strcasestr
 .text.avr-libc
                0x00005dae       0x4a c:/program files (x86)/atmel/atmel toolchain/avr8 gcc/native/3.4.1051/avr8-gnu-toolchain/bin/../lib/gcc/avr/4.8.1/../../../../avr/lib/avr5\libc.a(strcasestr_P.o)
                0x00005dae                strcasestr_P
 .text.avr-libc
                0x00005df8       0x16 c:/program files (x86)/atmel/atmel toolchain/avr8 gcc/native/3.4.1051/avr8-gnu-toolchain/bin/../lib/gcc/avr/4.8.1/../../../../avr/lib/avr5\libc.a(strcat.o)
                0x00005df8                strcat
 .text.avr-libc
                0x00005e0e        0xe c:/program files (x86)/atmel/atmel toolchain/avr8 gcc/native/3.4.1051/avr8-gnu-toolchain/bin/../lib/gcc/avr/4.8.1/../../../../avr/lib/avr5\libc.a(strcpy.o)
                0x00005e0e                strcpy
 .text.avr-libc
                0x00005e1c       0x16 c:/program files (x86)/atmel/atmel toolchain/avr8 gcc/native/3.4.1051/avr8-gnu-toolchain/bin/../lib/gcc/avr/4.8.1/../../../../avr/lib/avr5\libc.a(strnlen.o)
                0x00005e1c                strnlen
 .text.avr-libc
                0x00005e32       0x30 c:/program files (x86)/atmel/atmel toolchain/avr8 gcc/native/3.4.1051/avr8-gnu-toolchain/bin/../lib/gcc/avr/4.8.1/../../../../avr/lib/avr5\libc.a(strsep.o)
                0x00005e32                strsep
 .text.avr-libc
                0x00005e62       0x16 c:/program files (x86)/atmel/atmel toolchain/avr8 gcc/native/3.4.1051/avr8-gnu-toolchain/bin/../lib/gcc/avr/4.8.1/../../../../avr/lib/avr5\libc.a(itoa.o)
                0x00005e62                __itoa
                0x00005e62                itoa
 .text.avr-libc
                0x00005e78       0x16 c:/program files (x86)/atmel/atmel toolchain/avr8 gcc/native/3.4.1051/avr8-gnu-toolchain/bin/../lib/gcc/avr/4.8.1/../../../../avr/lib/avr5\libc.a(itoa_ncheck.o)
                0x00005e78                __itoa_ncheck
 .text.avr-libc
                0x00005e8e       0x10 c:/program files (x86)/atmel/atmel toolchain/avr8 gcc/native/3.4.1051/avr8-gnu-toolchain/bin/../lib/gcc/avr/4.8.1/../../../../avr/lib/avr5\libc.a(mul10.o)
                0x00005e8e                __mulhi_const_10
 .text.avr-libc
                0x00005e9e       0x34 c:/program files (x86)/atmel/atmel toolchain/avr8 gcc/native/3.4.1051/avr8-gnu-toolchain/bin/../lib/gcc/avr/4.8.1/../../../../avr/lib/avr5\libc.a(utoa_ncheck.o)
                0x00005e9e                __utoa_ncheck
                0x00005ea0                __utoa_common
 .text.avr-libc
                0x00005ed2       0x10 c:/program files (x86)/atmel/atmel toolchain/avr8 gcc/native/3.4.1051/avr8-gnu-toolchain/bin/../lib/gcc/avr/4.8.1/../../../../avr/lib/avr5\libc.a(eerd_byte_atmega32.o)
                0x00005ed2                __eerd_byte_m32
 .text.avr-libc
                0x00005ee2       0x1a c:/program files (x86)/atmel/atmel toolchain/avr8 gcc/native/3.4.1051/avr8-gnu-toolchain/bin/../lib/gcc/avr/4.8.1/../../../../avr/lib/avr5\libc.a(eewr_byte_atmega32.o)
                0x00005ee2                __eewr_byte_m32
                0x00005ee4                __eewr_r18_m32
 .text.avr-libc
                0x00005efc        0x6 c:/program files (x86)/atmel/atmel toolchain/avr8 gcc/native/3.4.1051/avr8-gnu-toolchain/bin/../lib/gcc/avr/4.8.1/../../../../avr/lib/avr5\libc.a(cty_isfalse.o)
                0x00005efc                __ctype_isfalse
                0x00005f00                __ctype_istrue
 .text.avr-libc
                0x00005f02       0x20 c:/program files (x86)/atmel/atmel toolchain/avr8 gcc/native/3.4.1051/avr8-gnu-toolchain/bin/../lib/gcc/avr/4.8.1/../../../../avr/lib/avr5\libc.a(strrev.o)
                0x00005f02                strrev
 .text.libgcc.mul
                0x00005f22       0x20 c:/program files (x86)/atmel/atmel toolchain/avr8 gcc/native/3.4.1051/avr8-gnu-toolchain/bin/../lib/gcc/avr/4.8.1/avr5\libgcc.a(_mulsi3.o)
                0x00005f22                __mulsi3
 .text.libgcc.mul
                0x00005f42       0x16 c:/program files (x86)/atmel/atmel toolchain/avr8 gcc/native/3.4.1051/avr8-gnu-toolchain/bin/../lib/gcc/avr/4.8.1/avr5\libgcc.a(_muluhisi3.o)
                0x00005f42                __muluhisi3
 .text.libgcc.mul
                0x00005f58       0x1e c:/program files (x86)/atmel/atmel toolchain/avr8 gcc/native/3.4.1051/avr8-gnu-toolchain/bin/../lib/gcc/avr/4.8.1/avr5\libgcc.a(_umulhisi3.o)
                0x00005f58                __umulhisi3
                0x00005f76                . = ALIGN (0x2)
 *(.fini9)
 .fini9         0x00005f76        0x0 c:/program files (x86)/atmel/atmel toolchain/avr8 gcc/native/3.4.1051/avr8-gnu-toolchain/bin/../lib/gcc/avr/4.8.1/avr5\libgcc.a(_exit.o)
                0x00005f76                _exit
                0x00005f76                exit
 *(.fini9)
 *(.fini8)
 *(.fini8)
 *(.fini7)
 *(.fini7)
 *(.fini6)
 *(.fini6)
 *(.fini5)
 *(.fini5)
 *(.fini4)
 *(.fini4)
 *(.fini3)
 *(.fini3)
 *(.fini2)
 *(.fini2)
 *(.fini1)
 *(.fini1)
 *(.fini0)
 .fini0         0x00005f76        0x4 c:/program files (x86)/atmel/atmel toolchain/avr8 gcc/native/3.4.1051/avr8-gnu-toolchain/bin/../lib/gcc/avr/4.8.1/avr5\libgcc.a(_exit.o)
 *(.fini0)
                0x00005f7a                _etext = .

.data           0x00800060      0x136 load address 0x00005f7a
                0x00800060                PROVIDE (__data_start, .)
 *(.data)
 .data          0x00800060        0x0 c:/program files (x86)/atmel/atmel toolchain/avr8 gcc/native/3.4.1051/avr8-gnu-toolchain/bin/../lib/gcc/avr/4.8.1/../../../../avr/lib/avr5/crtm32.o
 .data          0x00800060        0x0 analog.o
 .data          0x00800060        0x0 artnet.o
 .data          0x00800060        0x0 base64.o
 .data          0x00800060        0x0 cmd.o
 .data          0x00800060        0x0 dhcpc.o
 .data          0x00800060        0x0 dnsc.o
 .data          0x00800060        0x0 httpd.o
 .data          0x00800060        0x0 http_get.o
 .data          0x00800060        0x0 lcd.o
 .data          0x00800060        0x0 main.o
 .data          0x00800060        0x0 networkcard/enc28j60.o
 .data          0x00800060        0x0 networkcard/rtl8019.o
 .data          0x00800060        0x0 ntp.o
 .data          0x00800060        0x0 sendmail.o
 .data          0x00800060        0x0 stack.o
 .data          0x00800060        0x0 telnetd.o
 .data          0x00800060        0x0 timer.o
 .data          0x00800060        0x0 udp_lcd.o
 .data          0x00800060        0x0 usart.o
 .data          0x00800060        0x0 wol.o
 .data          0x00800060        0x0 c:/program files (x86)/atmel/atmel toolchain/avr8 gcc/native/3.4.1051/avr8-gnu-toolchain/bin/../lib/gcc/avr/4.8.1/avr5\libgcc.a(_udivmodsi4.o)
 .data          0x00800060        0x0 c:/program files (x86)/atmel/atmel toolchain/avr8 gcc/native/3.4.1051/avr8-gnu-toolchain/bin/../lib/gcc/avr/4.8.1/avr5\libgcc.a(_exit.o)
 .data          0x00800060        0x0 c:/program files (x86)/atmel/atmel toolchain/avr8 gcc/native/3.4.1051/avr8-gnu-toolchain/bin/../lib/gcc/avr/4.8.1/avr5\libgcc.a(_copy_data.o)
 .data          0x00800060        0x0 c:/program files (x86)/atmel/atmel toolchain/avr8 gcc/native/3.4.1051/avr8-gnu-toolchain/bin/../lib/gcc/avr/4.8.1/avr5\libgcc.a(_clear_bss.o)
 .data          0x00800060        0x0 c:/program files (x86)/atmel/atmel toolchain/avr8 gcc/native/3.4.1051/avr8-gnu-toolchain/bin/../lib/gcc/avr/4.8.1/../../../../avr/lib/avr5\libc.a(strtol.o)
 .data          0x00800060        0x0 c:/program files (x86)/atmel/atmel toolchain/avr8 gcc/native/3.4.1051/avr8-gnu-toolchain/bin/../lib/gcc/avr/4.8.1/../../../../avr/lib/avr5\libc.a(atoi.o)
 .data          0x00800060        0x0 c:/program files (x86)/atmel/atmel toolchain/avr8 gcc/native/3.4.1051/avr8-gnu-toolchain/bin/../lib/gcc/avr/4.8.1/../../../../avr/lib/avr5\libc.a(isspace.o)
 .data          0x00800060        0x0 c:/program files (x86)/atmel/atmel toolchain/avr8 gcc/native/3.4.1051/avr8-gnu-toolchain/bin/../lib/gcc/avr/4.8.1/../../../../avr/lib/avr5\libc.a(memcpy_P.o)
 .data          0x00800060        0x0 c:/program files (x86)/atmel/atmel toolchain/avr8 gcc/native/3.4.1051/avr8-gnu-toolchain/bin/../lib/gcc/avr/4.8.1/../../../../avr/lib/avr5\libc.a(strcpy_P.o)
 .data          0x00800060        0x0 c:/program files (x86)/atmel/atmel toolchain/avr8 gcc/native/3.4.1051/avr8-gnu-toolchain/bin/../lib/gcc/avr/4.8.1/../../../../avr/lib/avr5\libc.a(strncasecmp_P.o)
 .data          0x00800060        0x0 c:/program files (x86)/atmel/atmel toolchain/avr8 gcc/native/3.4.1051/avr8-gnu-toolchain/bin/../lib/gcc/avr/4.8.1/../../../../avr/lib/avr5\libc.a(memcpy.o)
 .data          0x00800060        0x0 c:/program files (x86)/atmel/atmel toolchain/avr8 gcc/native/3.4.1051/avr8-gnu-toolchain/bin/../lib/gcc/avr/4.8.1/../../../../avr/lib/avr5\libc.a(strcasecmp.o)
 .data          0x00800060        0x0 c:/program files (x86)/atmel/atmel toolchain/avr8 gcc/native/3.4.1051/avr8-gnu-toolchain/bin/../lib/gcc/avr/4.8.1/../../../../avr/lib/avr5\libc.a(strcasestr.o)
 .data          0x00800060        0x0 c:/program files (x86)/atmel/atmel toolchain/avr8 gcc/native/3.4.1051/avr8-gnu-toolchain/bin/../lib/gcc/avr/4.8.1/../../../../avr/lib/avr5\libc.a(strcasestr_P.o)
 .data          0x00800060        0x0 c:/program files (x86)/atmel/atmel toolchain/avr8 gcc/native/3.4.1051/avr8-gnu-toolchain/bin/../lib/gcc/avr/4.8.1/../../../../avr/lib/avr5\libc.a(strcat.o)
 .data          0x00800060        0x0 c:/program files (x86)/atmel/atmel toolchain/avr8 gcc/native/3.4.1051/avr8-gnu-toolchain/bin/../lib/gcc/avr/4.8.1/../../../../avr/lib/avr5\libc.a(strcpy.o)
 .data          0x00800060        0x0 c:/program files (x86)/atmel/atmel toolchain/avr8 gcc/native/3.4.1051/avr8-gnu-toolchain/bin/../lib/gcc/avr/4.8.1/../../../../avr/lib/avr5\libc.a(strnlen.o)
 .data          0x00800060        0x0 c:/program files (x86)/atmel/atmel toolchain/avr8 gcc/native/3.4.1051/avr8-gnu-toolchain/bin/../lib/gcc/avr/4.8.1/../../../../avr/lib/avr5\libc.a(strsep.o)
 .data          0x00800060        0x0 c:/program files (x86)/atmel/atmel toolchain/avr8 gcc/native/3.4.1051/avr8-gnu-toolchain/bin/../lib/gcc/avr/4.8.1/../../../../avr/lib/avr5\libc.a(itoa.o)
 .data          0x00800060        0x0 c:/program files (x86)/atmel/atmel toolchain/avr8 gcc/native/3.4.1051/avr8-gnu-toolchain/bin/../lib/gcc/avr/4.8.1/../../../../avr/lib/avr5\libc.a(itoa_ncheck.o)
 .data          0x00800060        0x0 c:/program files (x86)/atmel/atmel toolchain/avr8 gcc/native/3.4.1051/avr8-gnu-toolchain/bin/../lib/gcc/avr/4.8.1/../../../../avr/lib/avr5\libc.a(mul10.o)
 .data          0x00800060        0x0 c:/program files (x86)/atmel/atmel toolchain/avr8 gcc/native/3.4.1051/avr8-gnu-toolchain/bin/../lib/gcc/avr/4.8.1/../../../../avr/lib/avr5\libc.a(utoa_ncheck.o)
 .data          0x00800060        0x0 c:/program files (x86)/atmel/atmel toolchain/avr8 gcc/native/3.4.1051/avr8-gnu-toolchain/bin/../lib/gcc/avr/4.8.1/../../../../avr/lib/avr5\libc.a(eerd_byte_atmega32.o)
 .data          0x00800060        0x0 c:/program files (x86)/atmel/atmel toolchain/avr8 gcc/native/3.4.1051/avr8-gnu-toolchain/bin/../lib/gcc/avr/4.8.1/../../../../avr/lib/avr5\libc.a(eewr_byte_atmega32.o)
 .data          0x00800060        0x0 c:/program files (x86)/atmel/atmel toolchain/avr8 gcc/native/3.4.1051/avr8-gnu-toolchain/bin/../lib/gcc/avr/4.8.1/../../../../avr/lib/avr5\libc.a(errno.o)
 .data          0x00800060        0x0 c:/program files (x86)/atmel/atmel toolchain/avr8 gcc/native/3.4.1051/avr8-gnu-toolchain/bin/../lib/gcc/avr/4.8.1/../../../../avr/lib/avr5\libc.a(cty_isfalse.o)
 .data          0x00800060        0x0 c:/program files (x86)/atmel/atmel toolchain/avr8 gcc/native/3.4.1051/avr8-gnu-toolchain/bin/../lib/gcc/avr/4.8.1/../../../../avr/lib/avr5\libc.a(strrev.o)
 .data          0x00800060        0x0 c:/program files (x86)/atmel/atmel toolchain/avr8 gcc/native/3.4.1051/avr8-gnu-toolchain/bin/../lib/gcc/avr/4.8.1/avr5\libgcc.a(_mulsi3.o)
 .data          0x00800060        0x0 c:/program files (x86)/atmel/atmel toolchain/avr8 gcc/native/3.4.1051/avr8-gnu-toolchain/bin/../lib/gcc/avr/4.8.1/avr5\libgcc.a(_muluhisi3.o)
 .data          0x00800060        0x0 c:/program files (x86)/atmel/atmel toolchain/avr8 gcc/native/3.4.1051/avr8-gnu-toolchain/bin/../lib/gcc/avr/4.8.1/avr5\libgcc.a(_umulhisi3.o)
 *(.data*)
 .data.COMMAND_TABELLE
                0x00800060       0x40 cmd.o
                0x00800060                COMMAND_TABELLE
 .data.rx_header_end
                0x008000a0        0x5 httpd.o
                0x008000a0                rx_header_end
 .data.var_array
                0x008000a5       0x14 httpd.o
                0x008000a5                var_array
 .data.post_ready
                0x008000b9        0x5 httpd.o
                0x008000b9                post_ready
 .data.post_in  0x008000be        0x5 httpd.o
                0x008000be                post_in
 .data.WEBPAGE_TABLE
                0x008000c3       0x20 httpd.o
                0x008000c3                WEBPAGE_TABLE
 .data.rx_buffer_pointer_out
                0x008000e3        0x2 usart.o
                0x008000e3                rx_buffer_pointer_out
 .data.rx_buffer_pointer_in
                0x008000e5        0x2 usart.o
                0x008000e5                rx_buffer_pointer_in
 *(.rodata)
 *(.rodata*)
 .rodata.str1.1
                0x008000e7       0x45 cmd.o
                                 0x47 (size before relaxing)
 .rodata.str1.1
                0x0080012c       0x6a httpd.o
                                 0x79 (size before relaxing)
 *(.gnu.linkonce.d*)
                0x00800196                . = ALIGN (0x2)
                0x00800196                _edata = .
                0x00800196                PROVIDE (__data_end, .)

.bss            0x00800196      0x44b
                0x00800196                PROVIDE (__bss_start, .)
 *(.bss)
 *(.bss*)
 .bss.PORT_tmp  0x00800196        0x1 httpd.o
                0x00800196                PORT_tmp
 .bss.enc_next_packet_ptr
                0x00800197        0x2 networkcard/enc28j60.o
 .bss.enc_cur_bank
                0x00800199        0x1 networkcard/enc28j60.o
 .bss.enc_revid
                0x0080019a        0x1 networkcard/enc28j60.o
                0x0080019a                enc_revid
 .bss.IP_id_counter
                0x0080019b        0x2 stack.o
                0x0080019b                IP_id_counter
 .bss.UDP_PORT_TABLE
                0x0080019d       0x14 stack.o
                0x0080019d                UDP_PORT_TABLE
 .bss.TCP_PORT_TABLE
                0x008001b1       0x14 stack.o
                0x008001b1                TCP_PORT_TABLE
 .bss.buffercounter
                0x008001c5        0x2 usart.o
                0x008001c5                buffercounter
 *(COMMON)
 COMMON         0x008001c7       0x65 base64.o
                0x008001c7                usart_status
                0x008001c8                usart_rx_buffer
 COMMON         0x0080022c       0xdc cmd.o
                0x0080022c                arp_entry
                0x00800268                eth
                0x00800269                variable
                0x0080027d                gp_timer
                0x0080027e                tcp_entry
                0x00800302                stack_watchdog
                0x00800304                time
 COMMON         0x00800308       0x5f httpd.o
                0x00800308                http_auth_passwort
                0x00800326                http_entry
 COMMON         0x00800367        0x3 main.o
                0x00800367                retransmission_pointer
                0x00800369                telnetd_status
 COMMON         0x0080036a        0x6 networkcard/enc28j60.o
                0x0080036a                mymac
 COMMON         0x00800370      0x26f stack.o
                0x00800370                eth_buffer
                0x008005c9                ping
                0x008005cf                myip
                0x008005d3                router_ip
                0x008005d7                netmask
                0x008005db                broadcast_ip
 COMMON         0x008005df        0x2 c:/program files (x86)/atmel/atmel toolchain/avr8 gcc/native/3.4.1051/avr8-gnu-toolchain/bin/../lib/gcc/avr/4.8.1/../../../../avr/lib/avr5\libc.a(errno.o)
                0x008005df                errno
                0x008005e1                PROVIDE (__bss_end, .)
                0x00005f7a                __data_load_start = LOADADDR (.data)
                0x000060b0                __data_load_end = (__data_load_start + SIZEOF (.data))

.noinit         0x008005e1        0x0
                0x008005e1                PROVIDE (__noinit_start, .)
 *(.noinit*)
                0x008005e1                PROVIDE (__noinit_end, .)
                0x008005e1                _end = .
                0x008005e1                PROVIDE (__heap_start, .)

.eeprom         0x00810000        0x0
 *(.eeprom*)
                0x00810000                __eeprom_end = .

.fuse
 *(.fuse)
 *(.lfuse)
 *(.hfuse)
 *(.efuse)

.lock
 *(.lock*)

.signature
 *(.signature*)

.user_signatures
 *(.user_signatures*)

.stab
 *(.stab)

.stabstr
 *(.stabstr)

.stab.excl
 *(.stab.excl)

.stab.exclstr
 *(.stab.exclstr)

.stab.index
 *(.stab.index)

.stab.indexstr
 *(.stab.indexstr)

.comment        0x00000000       0x5c
 *(.comment)
 .comment       0x00000000       0x30 analog.o
                                 0x31 (size before relaxing)
 .comment       0x00000000       0x31 artnet.o
 .comment       0x00000000       0x31 base64.o
 .comment       0x00000000       0x31 cmd.o
 .comment       0x00000000       0x31 dhcpc.o
 .comment       0x00000000       0x31 dnsc.o
 .comment       0x00000000       0x31 httpd.o
 .comment       0x00000000       0x31 http_get.o
 .comment       0x00000000       0x31 lcd.o
 .comment       0x00000000       0x31 main.o
 .comment       0x00000000       0x31 networkcard/enc28j60.o
 .comment       0x00000000       0x31 networkcard/rtl8019.o
 .comment       0x00000000       0x31 ntp.o
 .comment       0x00000000       0x31 sendmail.o
 .comment       0x00000000       0x31 stack.o
 .comment       0x00000000       0x31 telnetd.o
 .comment       0x00000000       0x31 timer.o
 .comment       0x00000000       0x31 udp_lcd.o
 .comment       0x00000000       0x31 usart.o
 .comment       0x00000000       0x31 wol.o
 .comment       0x00000000       0x31 c:/program files (x86)/atmel/atmel toolchain/avr8 gcc/native/3.4.1051/avr8-gnu-toolchain/bin/../lib/gcc/avr/4.8.1/../../../../avr/lib/avr5\libc.a(strtol.o)
 .comment       0x00000030       0x2c c:/program files (x86)/atmel/atmel toolchain/avr8 gcc/native/3.4.1051/avr8-gnu-toolchain/bin/../lib/gcc/avr/4.8.1/../../../../avr/lib/avr5\libc.a(errno.o)
                                 0x2d (size before relaxing)

.note.gnu.build-id
 *(.note.gnu.build-id)

.debug
 *(.debug)

.line
 *(.line)

.debug_srcinfo
 *(.debug_srcinfo)

.debug_sfnames
 *(.debug_sfnames)

.debug_aranges  0x00000000      0x450
 *(.debug_aranges)
 .debug_aranges
                0x00000000       0x18 analog.o
 .debug_aranges
                0x00000018       0x20 base64.o
 .debug_aranges
                0x00000038       0xb0 cmd.o
 .debug_aranges
                0x000000e8       0x18 dhcpc.o
 .debug_aranges
                0x00000100       0x18 dnsc.o
 .debug_aranges
                0x00000118       0x40 httpd.o
 .debug_aranges
                0x00000158       0x28 http_get.o
 .debug_aranges
                0x00000180       0x18 lcd.o
 .debug_aranges
                0x00000198       0x20 main.o
 .debug_aranges
                0x000001b8       0x68 networkcard/enc28j60.o
 .debug_aranges
                0x00000220       0x18 networkcard/rtl8019.o
 .debug_aranges
                0x00000238       0x18 ntp.o
 .debug_aranges
                0x00000250       0x18 sendmail.o
 .debug_aranges
                0x00000268      0x110 stack.o
 .debug_aranges
                0x00000378       0x30 telnetd.o
 .debug_aranges
                0x000003a8       0x28 timer.o
 .debug_aranges
                0x000003d0       0x28 udp_lcd.o
 .debug_aranges
                0x000003f8       0x40 usart.o
 .debug_aranges
                0x00000438       0x18 wol.o

.debug_pubnames
 *(.debug_pubnames)

.debug_info     0x00000000     0x7a9d
 *(.debug_info .gnu.linkonce.wi.*)
 .debug_info    0x00000000       0x5d analog.o
 .debug_info    0x0000005d      0x1e8 base64.o
 .debug_info    0x00000245      0xc09 cmd.o
 .debug_info    0x00000e4e      0x371 dhcpc.o
 .debug_info    0x000011bf      0x371 dnsc.o
 .debug_info    0x00001530     0x121e httpd.o
 .debug_info    0x0000274e      0x6fb http_get.o
 .debug_info    0x00002e49       0x56 lcd.o
 .debug_info    0x00002e9f      0x46f main.o
 .debug_info    0x0000330e      0xbdf networkcard/enc28j60.o
 .debug_info    0x00003eed      0x11a networkcard/rtl8019.o
 .debug_info    0x00004007      0x371 ntp.o
 .debug_info    0x00004378      0x371 sendmail.o
 .debug_info    0x000046e9     0x1b76 stack.o
 .debug_info    0x0000625f      0x550 telnetd.o
 .debug_info    0x000067af      0x3d1 timer.o
 .debug_info    0x00006b80      0x442 udp_lcd.o
 .debug_info    0x00006fc2      0x7a0 usart.o
 .debug_info    0x00007762      0x33b wol.o

.debug_abbrev   0x00000000     0x1bd7
 *(.debug_abbrev)
 .debug_abbrev  0x00000000       0x26 analog.o
 .debug_abbrev  0x00000026       0xd6 base64.o
 .debug_abbrev  0x000000fc      0x28c cmd.o
 .debug_abbrev  0x00000388       0xd6 dhcpc.o
 .debug_abbrev  0x0000045e       0xd6 dnsc.o
 .debug_abbrev  0x00000534      0x2f3 httpd.o
 .debug_abbrev  0x00000827      0x1d5 http_get.o
 .debug_abbrev  0x000009fc       0x26 lcd.o
 .debug_abbrev  0x00000a22      0x116 main.o
 .debug_abbrev  0x00000b38      0x2f6 networkcard/enc28j60.o
 .debug_abbrev  0x00000e2e       0x7b networkcard/rtl8019.o
 .debug_abbrev  0x00000ea9       0xd6 ntp.o
 .debug_abbrev  0x00000f7f       0xd6 sendmail.o
 .debug_abbrev  0x00001055      0x3bd stack.o
 .debug_abbrev  0x00001412      0x1ce telnetd.o
 .debug_abbrev  0x000015e0      0x10c timer.o
 .debug_abbrev  0x000016ec      0x18b udp_lcd.o
 .debug_abbrev  0x00001877      0x28a usart.o
 .debug_abbrev  0x00001b01       0xd6 wol.o

.debug_line     0x00000000     0x1bb4
 *(.debug_line .debug_line.* .debug_line_end)
 .debug_line    0x00000000       0x1a analog.o
 .debug_line    0x0000001a        0x0 artnet.o
 .debug_line    0x0000001a       0xe9 base64.o
 .debug_line    0x00000103      0x3ba cmd.o
 .debug_line    0x000004bd       0x40 dhcpc.o
 .debug_line    0x000004fd       0x40 dnsc.o
 .debug_line    0x0000053d      0x364 httpd.o
 .debug_line    0x000008a1      0x1ba http_get.o
 .debug_line    0x00000a5b       0x1a lcd.o
 .debug_line    0x00000a75      0x10c main.o
 .debug_line    0x00000b81      0x270 networkcard/enc28j60.o
 .debug_line    0x00000df1       0x2a networkcard/rtl8019.o
 .debug_line    0x00000e1b       0x40 ntp.o
 .debug_line    0x00000e5b       0x40 sendmail.o
 .debug_line    0x00000e9b      0x6eb stack.o
 .debug_line    0x00001586      0x25c telnetd.o
 .debug_line    0x000017e2       0xe9 timer.o
 .debug_line    0x000018cb       0x6d udp_lcd.o
 .debug_line    0x00001938      0x247 usart.o
 .debug_line    0x00001b7f       0x35 wol.o

.debug_frame    0x00000000     0x1040
 *(.debug_frame)
 .debug_frame   0x00000000       0x38 base64.o
 .debug_frame   0x00000038      0x508 cmd.o
 .debug_frame   0x00000540      0x128 httpd.o
 .debug_frame   0x00000668       0xc8 http_get.o
 .debug_frame   0x00000730       0xd4 main.o
 .debug_frame   0x00000804      0x160 networkcard/enc28j60.o
 .debug_frame   0x00000964      0x4a8 stack.o
 .debug_frame   0x00000e0c       0x78 telnetd.o
 .debug_frame   0x00000e84       0x5c timer.o
 .debug_frame   0x00000ee0       0x44 udp_lcd.o
 .debug_frame   0x00000f24      0x11c usart.o

.debug_str      0x00000000      0xfc7
 *(.debug_str)
 .debug_str     0x00000000      0x10c analog.o
                                0x145 (size before relaxing)
 .debug_str     0x0000010c        0x0 artnet.o
 .debug_str     0x0000010c       0xef base64.o
                                0x226 (size before relaxing)
 .debug_str     0x000001fb      0x329 cmd.o
                                0x53d (size before relaxing)
 .debug_str     0x00000524        0xd dhcpc.o
                                0x2d2 (size before relaxing)
 .debug_str     0x00000531        0xc dnsc.o
                                0x2d1 (size before relaxing)
 .debug_str     0x0000053d      0x2b2 httpd.o
                                0x5ca (size before relaxing)
 .debug_str     0x000007ef       0x7a http_get.o
                                0x39c (size before relaxing)
 .debug_str     0x00000869        0xb lcd.o
                                0x13d (size before relaxing)
 .debug_str     0x00000874       0x40 main.o
                                0x33c (size before relaxing)
 .debug_str     0x000008b4      0x123 networkcard/enc28j60.o
                                0x331 (size before relaxing)
 .debug_str     0x000009d7       0x19 networkcard/rtl8019.o
                                0x1d6 (size before relaxing)
 .debug_str     0x000009f0        0xb ntp.o
                                0x2d0 (size before relaxing)
 .debug_str     0x000009fb       0x10 sendmail.o
                                0x2d5 (size before relaxing)
 .debug_str     0x00000a0b      0x457 stack.o
                                0x884 (size before relaxing)
 .debug_str     0x00000e62       0x36 telnetd.o
                                0x363 (size before relaxing)
 .debug_str     0x00000e98       0x26 timer.o
                                0x307 (size before relaxing)
 .debug_str     0x00000ebe       0x28 udp_lcd.o
                                0x318 (size before relaxing)
 .debug_str     0x00000ee6       0xd6 usart.o
                                0x413 (size before relaxing)
 .debug_str     0x00000fbc        0xb wol.o
                                0x2b8 (size before relaxing)

.debug_loc      0x00000000     0x5409
 *(.debug_loc)
 .debug_loc     0x00000000      0x2b8 base64.o
 .debug_loc     0x000002b8     0x10ad cmd.o
 .debug_loc     0x00001365      0x812 httpd.o
 .debug_loc     0x00001b77      0x35b http_get.o
 .debug_loc     0x00001ed2      0x307 main.o
 .debug_loc     0x000021d9      0xaa0 networkcard/enc28j60.o
 .debug_loc     0x00002c79     0x1e81 stack.o
 .debug_loc     0x00004afa      0x159 telnetd.o
 .debug_loc     0x00004c53       0x7d timer.o
 .debug_loc     0x00004cd0       0x77 udp_lcd.o
 .debug_loc     0x00004d47      0x6c2 usart.o

.debug_macinfo
 *(.debug_macinfo)

.debug_weaknames
 *(.debug_weaknames)

.debug_funcnames
 *(.debug_funcnames)

.debug_typenames
 *(.debug_typenames)

.debug_varnames
 *(.debug_varnames)

.debug_pubtypes
 *(.debug_pubtypes)

.debug_ranges   0x00000000      0x3b0
 *(.debug_ranges)
 .debug_ranges  0x00000000       0x10 base64.o
 .debug_ranges  0x00000010       0xa0 cmd.o
 .debug_ranges  0x000000b0       0x60 httpd.o
 .debug_ranges  0x00000110       0x58 http_get.o
 .debug_ranges  0x00000168       0x10 main.o
 .debug_ranges  0x00000178       0x58 networkcard/enc28j60.o
 .debug_ranges  0x000001d0      0x118 stack.o
 .debug_ranges  0x000002e8       0x20 telnetd.o
 .debug_ranges  0x00000308       0x18 timer.o
 .debug_ranges  0x00000320       0x18 udp_lcd.o
 .debug_ranges  0x00000338       0x78 usart.o

.debug_macro
 *(.debug_macro)
OUTPUT(NewStack_1_2_9.elf elf32-avr)
LOAD linker stubs
